2026-09-15T20:08:43.688Z [log] bolge jangan_province: egim up=1000 down=1000 override=0 su=141 sinir=var dogusY=YOK yaricap=0.5
2026-09-15T20:08:43.689Z [log] bolge donwhang_province: egim up=1000 down=1000 override=0 su=70 sinir=var dogusY=-12 yaricap=0.5
2026-09-15T20:08:43.689Z [log] bolge europe_province: egim up=1000 down=1000 override=2 su=124 sinir=var dogusY=12.6 yaricap=0.5
2026-09-15T20:08:43.690Z [log] bolge hotan_province: egim up=1000 down=1000 override=1 su=139 sinir=var dogusY=37.5 yaricap=0.5
2026-09-15T20:08:43.690Z [log] bolge samarkand_province: egim up=1000 down=1000 override=0 su=68 sinir=var dogusY=27 yaricap=0.5
2026-09-15T20:08:43.708Z [log] mob katalogu: 158 tur
2026-09-15T20:08:43.784Z [log] drop tablosu: 158
2026-09-15T20:08:43.848Z [log] spawn noktasi: 7350 (5 bolge)
2026-09-15T20:08:43.864Z [log] savas sabitleri: combat.json
2026-09-15T20:08:43.964Z [log] esya stat katalogu: 2860 esya
2026-09-15T20:08:43.991Z [log] mavi secenek katalogu: 416 satir
2026-09-15T20:08:44.074Z [log] silah->ustalik: 14 silah turu
2026-09-15T20:08:44.145Z [log] meslek aleti: 2 esya
2026-09-15T20:08:44.176Z [log] dusus +N merdiveni: 13 satir ($optLevelSel)
2026-09-15T20:08:44.178Z [log] taban saldiri: 15 silah turu
2026-09-15T20:08:44.179Z [log] ilerleme: 79 seviye, maxLevel=80, 400 spExp/SP
2026-09-15T20:08:44.182Z [log] oranlar: xp x25, sp x40, altin x30 (tabloya pismis), esya x1, muhur bronz x1 / gumus x6 / altin-muhur x6
2026-09-15T20:08:44.244Z [log] [admin] esya eslemesi: 4610 vSRO kodu -> 2860 referans oyun esyasi
2026-09-15T20:08:44.259Z [log] canavar beceri fx: 294 kayit
2026-09-15T20:08:44.288Z [log] canavar beceri katalogu: 330 kayit
2026-09-15T20:08:44.288Z [log] oyun dongusu basladi (100ms)
2026-09-15T20:08:44.319Z [log] sistem yuklendi: envanter
2026-09-15T20:08:44.352Z [log] sistem yuklendi: stat-ustalik
2026-09-15T20:08:44.389Z [log] sistem yuklendi: dukkan
2026-09-15T20:08:44.414Z [log] sistem yuklendi: beceri
2026-09-15T20:08:44.439Z [log] sistem yuklendi: gorev
2026-09-15T20:08:44.462Z [log] sistem yuklendi: donus-isinlanma
2026-09-15T20:08:44.487Z [log] sistem yuklendi: banka-depo
2026-09-15T20:08:44.532Z [log] sistem yuklendi: arayuz-durumu
2026-09-15T20:08:44.562Z [log] sistem yuklendi: binek-pet
2026-09-15T20:08:44.628Z [log] sistem yuklendi: parti
2026-09-15T20:08:44.683Z [log] sistem yuklendi: ticaret
2026-09-15T20:08:44.707Z [log] sistem yuklendi: tezgah
2026-09-15T20:08:44.730Z [log] sistem yuklendi: borsa
2026-09-15T20:08:44.783Z [log] sistem yuklendi: lonca
2026-09-15T20:08:44.806Z [log] sistem yuklendi: gelistirme
2026-09-15T20:08:44.831Z [log] sistem yuklendi: meslek
2026-09-15T20:08:44.855Z [log] sistem yuklendi: yerinde-dirilis
2026-09-15T20:08:44.881Z [log] sistem yuklendi: kucuk-sistemler
2026-09-15T20:08:44.912Z [log] sistem yuklendi: dirilis-unique
2026-09-15T20:08:44.963Z [log] [stat-ustalik] veri: 13 ustalik, 3256 beceri, 437 grup
2026-09-15T20:08:45.010Z [log] dukkan: 33 NPC (npcshops.json 33), 3005 esya (items.json 3005), 148 yerlesim
2026-09-15T20:08:45.066Z [log] beceri: 3256 beceri / 437 grup / 437 fx grubu yuklendi
2026-09-15T20:08:45.076Z [log] [gorev] 81 gorev tanimi yuklendi
2026-09-15T20:08:45.087Z [log] donus-isinlanma: 23 harita noktasi, 35 isinlayici yuklendi
2026-09-15T20:08:45.133Z [log] banka: 5 depo NPC'si, menzil NPC basina (15/22.75)
2026-09-15T20:08:45.170Z [log] binek-pet: 3 binek, 4 pet, 2 gelisim peti, 8 bolgede sehir kutusu
2026-09-15T20:08:45.174Z [log] borsa: 9 mesaj hazir (exch.open/close/place/cancel/withdrawGold/stake/claimStake/mock*)
2026-09-15T20:08:45.236Z [log] gelistirme: katalog 3005 esya (120 uretilmis tas), 416 mavi secenek satiri, 10 malzeme, 3256 beceri
2026-09-15T20:08:45.628Z [log] jangan_province: 14754 zemin ucgeni (nav.bin yuzeyleri)
2026-09-15T20:08:45.977Z [log] europe_province: 64299 zemin ucgeni (nav.bin yuzeyleri)
2026-09-15T20:08:46.461Z [log] donwhang_province: 6105 zemin ucgeni (nav.bin yuzeyleri)
2026-09-15T20:08:46.936Z [log] hotan_province: 11157 zemin ucgeni (nav.bin yuzeyleri)
2026-09-15T20:08:47.472Z [log] samarkand_province: 28520 zemin ucgeni (nav.bin yuzeyleri)
2026-09-15T20:08:47.473Z [log] sistem_meslek: 74 el yerlestirmesi + 813 harita agaci = 887 dugum, 4 meslek, 10 malzeme
2026-09-15T20:08:47.474Z [log] yerinde-dirilis: esik seviye 110
2026-09-15T20:08:47.538Z [log] kucuk-sistemler: 3005 esya, 39 mall kalemi, 3 premium kademesi, 6 unique, 5 tasiyici kuresi, 33 dukkan stogu
2026-09-15T20:08:47.580Z [log] dirilis-unique: 37 dirilis becerisi / 8 grup
2026-09-15T20:08:47.588Z [log] dirilis-unique: 6 unique, 64 unique yuvasi normal dogumdan ayrildi
2026-09-15T20:08:47.589Z [log] sistem modulu: 19/19
2026-09-15T20:08:47.590Z [log] GM komutlari: 30
2026-09-15T20:08:47.631Z [log] SQL baglanamadi (sunucu yine de calisir): Failed to connect to localhost:1433 - Could not connect (sequence)
2026-09-15T20:08:47.644Z [log] ==========================================================
2026-09-15T20:08:47.644Z [log]   Sunucu hazir  ->  http://127.0.0.1:3000
2026-09-15T20:08:47.644Z [log]   WebSocket     ->  ws://127.0.0.1:3000/ws   (proto 10)
2026-09-15T20:08:47.645Z [log]   Istemci       ->  YUKLU
2026-09-15T20:08:47.645Z [log]   SQL           ->  kapali/bagli degil
2026-09-15T20:08:47.645Z [log]   Protokol      ->  100 giden + 89 gelen mesaj
2026-09-15T20:08:47.645Z [log]   Statik onbellek -> 96 MB tavan, tek dosya <= 2 MB
2026-09-15T20:08:47.645Z [log]   Surec         ->  PID 15848  (node v24.21.0)
2026-09-15T20:08:47.645Z [log]   Kod surumu    ->  server.js sha256:120ff54b6965
2026-09-15T20:08:47.645Z [log]   Calisma logu  ->  D:\FORUM-SHARE\loglar\sunucu-2026-09-15T20-08-43-pid15848.log
2026-09-15T20:08:47.645Z [log] ==========================================================
2026-09-15T20:08:47.792Z [log] unique dogdu: mob_tigerwoman @ jangan_province nest 5909 (entity 1000888)
2026-09-15T20:08:47.793Z [log] unique dogdu: mob_uruchi @ donwhang_province nest 5910 (entity 1000889)
2026-09-15T20:08:47.794Z [log] unique dogdu: mob_isyutaru @ hotan_province nest 5667 (entity 1000890)
2026-09-15T20:08:47.794Z [log] unique dogdu: mob_bonelord @ hotan_province nest 21069 (entity 1000891)
2026-09-15T20:08:47.794Z [log] unique dogdu: mob_kerberos @ europe_province nest 8564 (entity 1000892)
2026-09-15T20:08:47.795Z [log] unique dogdu: mob_ivy @ samarkand_province nest 20997 (entity 1000893)
2026-09-15T20:09:44.272Z [log] statik onbellek: 831 dosya / 85.4 MB (tavan 96 MB) - isabet 22 (%3), iska 831, atim 0, bayat 0; rss 750 MB
2026-09-15T20:09:44.272Z [log] kardes varyant kapisi: 65 imzali, 0 mirasli (.meta yok), 0 bayat -> anlik sikistirma
2026-09-15T20:10:44.258Z [log] statik onbellek: 831 dosya / 85.4 MB (tavan 96 MB) - isabet 34 (%4), iska 831, atim 0, bayat 0; rss 750 MB
2026-09-15T20:10:44.258Z [log] kardes varyant kapisi: 73 imzali, 0 mirasli (.meta yok), 0 bayat -> anlik sikistirma
