2026-09-15T21:16:17.359Z [log] bolge jangan_province: egim up=1000 down=1000 override=0 su=141 sinir=var dogusY=YOK yaricap=0.5
2026-09-15T21:16:17.359Z [log] bolge donwhang_province: egim up=1000 down=1000 override=0 su=70 sinir=var dogusY=-12 yaricap=0.5
2026-09-15T21:16:17.359Z [log] bolge europe_province: egim up=1000 down=1000 override=2 su=124 sinir=var dogusY=12.6 yaricap=0.5
2026-09-15T21:16:17.359Z [log] bolge hotan_province: egim up=1000 down=1000 override=1 su=139 sinir=var dogusY=37.5 yaricap=0.5
2026-09-15T21:16:17.359Z [log] bolge samarkand_province: egim up=1000 down=1000 override=0 su=68 sinir=var dogusY=27 yaricap=0.5
2026-09-15T21:16:17.362Z [log] mob katalogu: 158 tur
2026-09-15T21:16:17.392Z [log] drop tablosu: 158
2026-09-15T21:16:17.410Z [log] spawn noktasi: 7350 (5 bolge)
2026-09-15T21:16:17.412Z [log] savas sabitleri: combat.json
2026-09-15T21:16:17.451Z [log] esya stat katalogu: 2860 esya
2026-09-15T21:16:17.455Z [log] mavi secenek katalogu: 416 satir
2026-09-15T21:16:17.506Z [log] silah->ustalik: 14 silah turu
2026-09-15T21:16:17.540Z [log] meslek aleti: 2 esya
2026-09-15T21:16:17.568Z [log] dusus +N merdiveni: 13 satir ($optLevelSel)
2026-09-15T21:16:17.570Z [log] taban saldiri: 15 silah turu
2026-09-15T21:16:17.570Z [log] ilerleme: 79 seviye, maxLevel=80, 400 spExp/SP
2026-09-15T21:16:17.573Z [log] oranlar: xp x25, sp x40, altin x30 (tabloya pismis), esya x1, muhur bronz x1 / gumus x6 / altin-muhur x6
2026-09-15T21:16:17.606Z [log] [admin] esya eslemesi: 4610 vSRO kodu -> 2860 referans oyun esyasi
2026-09-15T21:16:17.611Z [log] canavar beceri fx: 294 kayit
2026-09-15T21:16:17.615Z [log] canavar beceri katalogu: 330 kayit
2026-09-15T21:16:17.615Z [log] oyun dongusu basladi (100ms)
2026-09-15T21:16:17.616Z [log] sistem yuklendi: envanter
2026-09-15T21:16:17.618Z [log] sistem yuklendi: stat-ustalik
2026-09-15T21:16:17.619Z [log] sistem yuklendi: dukkan
2026-09-15T21:16:17.622Z [log] sistem yuklendi: beceri
2026-09-15T21:16:17.624Z [log] sistem yuklendi: gorev
2026-09-15T21:16:17.626Z [log] sistem yuklendi: donus-isinlanma
2026-09-15T21:16:17.627Z [log] sistem yuklendi: banka-depo
2026-09-15T21:16:17.629Z [log] sistem yuklendi: arayuz-durumu
2026-09-15T21:16:17.631Z [log] sistem yuklendi: binek-pet
2026-09-15T21:16:17.632Z [log] sistem yuklendi: parti
2026-09-15T21:16:17.634Z [log] sistem yuklendi: ticaret
2026-09-15T21:16:17.636Z [log] sistem yuklendi: tezgah
2026-09-15T21:16:17.638Z [log] sistem yuklendi: borsa
2026-09-15T21:16:17.642Z [log] sistem yuklendi: lonca
2026-09-15T21:16:17.644Z [log] sistem yuklendi: gelistirme
2026-09-15T21:16:17.645Z [log] sistem yuklendi: meslek
2026-09-15T21:16:17.646Z [log] sistem yuklendi: yerinde-dirilis
2026-09-15T21:16:17.649Z [log] sistem yuklendi: kucuk-sistemler
2026-09-15T21:16:17.652Z [log] sistem yuklendi: dirilis-unique
2026-09-15T21:16:17.701Z [log] [stat-ustalik] veri: 13 ustalik, 3256 beceri, 437 grup
2026-09-15T21:16:17.738Z [log] dukkan: 33 NPC (npcshops.json 33), 3005 esya (items.json 3005), 148 yerlesim
2026-09-15T21:16:17.776Z [log] beceri: 3256 beceri / 437 grup / 437 fx grubu yuklendi
2026-09-15T21:16:17.780Z [log] [gorev] 81 gorev tanimi yuklendi
2026-09-15T21:16:17.783Z [log] donus-isinlanma: 23 harita noktasi, 35 isinlayici yuklendi
2026-09-15T21:16:17.823Z [log] banka: 5 depo NPC'si, menzil NPC basina (15/22.75)
2026-09-15T21:16:17.828Z [log] binek-pet: 3 binek, 4 pet, 2 gelisim peti, 8 bolgede sehir kutusu
2026-09-15T21:16:17.831Z [log] borsa: 9 mesaj hazir (exch.open/close/place/cancel/withdrawGold/stake/claimStake/mock*)
2026-09-15T21:16:17.873Z [log] gelistirme: katalog 3005 esya (120 uretilmis tas), 416 mavi secenek satiri, 10 malzeme, 3256 beceri
2026-09-15T21:16:18.073Z [log] jangan_province: 14754 zemin ucgeni (nav.bin yuzeyleri)
2026-09-15T21:16:18.215Z [log] europe_province: 64299 zemin ucgeni (nav.bin yuzeyleri)
2026-09-15T21:16:18.435Z [log] donwhang_province: 6105 zemin ucgeni (nav.bin yuzeyleri)
2026-09-15T21:16:18.661Z [log] hotan_province: 11157 zemin ucgeni (nav.bin yuzeyleri)
2026-09-15T21:16:18.852Z [log] samarkand_province: 28520 zemin ucgeni (nav.bin yuzeyleri)
2026-09-15T21:16:18.852Z [log] sistem_meslek: 74 el yerlestirmesi + 813 harita agaci = 887 dugum, 4 meslek, 10 malzeme
2026-09-15T21:16:18.853Z [log] yerinde-dirilis: esik seviye 110
2026-09-15T21:16:18.919Z [log] kucuk-sistemler: 3005 esya, 39 mall kalemi, 3 premium kademesi, 6 unique, 5 tasiyici kuresi, 33 dukkan stogu
2026-09-15T21:16:18.954Z [log] dirilis-unique: 37 dirilis becerisi / 8 grup
2026-09-15T21:16:18.962Z [log] dirilis-unique: 6 unique, 64 unique yuvasi normal dogumdan ayrildi
2026-09-15T21:16:18.963Z [log] sistem modulu: 19/19
2026-09-15T21:16:18.964Z [log] GM komutlari: 30
2026-09-15T21:16:19.167Z [log] unique dogdu: mob_tigerwoman @ jangan_province nest 5908 (entity 1000888)
2026-09-15T21:16:19.167Z [log] unique dogdu: mob_uruchi @ donwhang_province nest 5663 (entity 1000889)
2026-09-15T21:16:19.168Z [log] unique dogdu: mob_isyutaru @ hotan_province nest 5923 (entity 1000890)
2026-09-15T21:16:19.168Z [log] unique dogdu: mob_bonelord @ hotan_province nest 21066 (entity 1000891)
2026-09-15T21:16:19.168Z [log] unique dogdu: mob_kerberos @ europe_province nest 8754 (entity 1000892)
2026-09-15T21:16:19.168Z [log] unique dogdu: mob_ivy @ samarkand_province nest 20996 (entity 1000893)
2026-09-15T21:16:33.979Z [log] SQL baglanamadi (sunucu yine de calisir): Failed to connect to 192.168.1.1:1433 in 15000ms
2026-09-15T21:16:33.980Z [log] Onceki ornek (PID 23136, 2026-09-15T21:14:48.020Z) temiz kapanmamis; kaydi bayat - uzerine yaziliyor.
2026-09-15T21:16:33.983Z [log] ==========================================================
2026-09-15T21:16:33.983Z [log]   Sunucu hazir  ->  http://127.0.0.1:3000
2026-09-15T21:16:33.983Z [log]   WebSocket     ->  ws://127.0.0.1:3000/ws   (proto 10)
2026-09-15T21:16:33.984Z [log]   Istemci       ->  YUKLU
2026-09-15T21:16:33.984Z [log]   SQL           ->  kapali/bagli degil
2026-09-15T21:16:33.984Z [log]   Protokol      ->  100 giden + 89 gelen mesaj
2026-09-15T21:16:33.984Z [log]   Statik onbellek -> 96 MB tavan, tek dosya <= 2 MB
2026-09-15T21:16:33.984Z [log]   Surec         ->  PID 7564  (node v24.21.0)
2026-09-15T21:16:33.984Z [log]   Kod surumu    ->  server.js sha256:120ff54b6965
2026-09-15T21:16:33.984Z [log]   Calisma logu  ->  D:\FORUM-SHARE\loglar\sunucu-2026-09-15T21-16-17-pid7564.log
2026-09-15T21:16:33.984Z [log] ==========================================================
2026-09-15T21:17:17.610Z [log] statik onbellek: 0 dosya / 0.0 MB (tavan 96 MB) - isabet 0 (%0), iska 0, atim 0, bayat 0; rss 652 MB
