2026-09-17T18:33:27.354Z [log] bolge jangan_province: egim up=1000 down=1000 override=0 su=141 sinir=var dogusY=YOK yaricap=0.5
2026-09-17T18:33:27.354Z [log] bolge donwhang_province: egim up=1000 down=1000 override=0 su=70 sinir=var dogusY=-12 yaricap=0.5
2026-09-17T18:33:27.354Z [log] bolge europe_province: egim up=1000 down=1000 override=2 su=124 sinir=var dogusY=12.6 yaricap=0.5
2026-09-17T18:33:27.354Z [log] bolge hotan_province: egim up=1000 down=1000 override=1 su=139 sinir=var dogusY=37.5 yaricap=0.5
2026-09-17T18:33:27.355Z [log] bolge samarkand_province: egim up=1000 down=1000 override=0 su=68 sinir=var dogusY=27 yaricap=0.5
2026-09-17T18:33:27.357Z [log] mob katalogu: 158 tur
2026-09-17T18:33:27.386Z [log] drop tablosu: 158
2026-09-17T18:33:27.404Z [log] spawn noktasi: 7350 (5 bolge)
2026-09-17T18:33:27.407Z [log] savas sabitleri: combat.json
2026-09-17T18:33:27.445Z [log] esya stat katalogu: 2860 esya
2026-09-17T18:33:27.449Z [log] mavi secenek katalogu: 416 satir
2026-09-17T18:33:27.505Z [log] silah->ustalik: 14 silah turu
2026-09-17T18:33:27.537Z [log] meslek aleti: 2 esya
2026-09-17T18:33:27.565Z [log] dusus +N merdiveni: 13 satir ($optLevelSel)
2026-09-17T18:33:27.567Z [log] taban saldiri: 15 silah turu
2026-09-17T18:33:27.567Z [log] ilerleme: 79 seviye, maxLevel=80, 400 spExp/SP
2026-09-17T18:33:27.570Z [log] oranlar: xp x25, sp x40, altin x30 (tabloya pismis), esya x1, muhur bronz x1 / gumus x6 / altin-muhur x6
2026-09-17T18:33:27.606Z [log] [admin] esya eslemesi: 4610 vSRO kodu -> 2860 referans oyun esyasi
2026-09-17T18:33:27.612Z [log] canavar beceri fx: 294 kayit
2026-09-17T18:33:27.615Z [log] canavar beceri katalogu: 330 kayit
2026-09-17T18:33:27.615Z [log] oyun dongusu basladi (100ms)
2026-09-17T18:33:27.617Z [log] sistem yuklendi: envanter
2026-09-17T18:33:27.619Z [log] sistem yuklendi: stat-ustalik
2026-09-17T18:33:27.620Z [log] sistem yuklendi: dukkan
2026-09-17T18:33:27.625Z [log] sistem yuklendi: beceri
2026-09-17T18:33:27.627Z [log] sistem yuklendi: gorev
2026-09-17T18:33:27.630Z [log] sistem yuklendi: donus-isinlanma
2026-09-17T18:33:27.632Z [log] sistem yuklendi: banka-depo
2026-09-17T18:33:27.634Z [log] sistem yuklendi: arayuz-durumu
2026-09-17T18:33:27.637Z [log] sistem yuklendi: binek-pet
2026-09-17T18:33:27.639Z [log] sistem yuklendi: parti
2026-09-17T18:33:27.641Z [log] sistem yuklendi: ticaret
2026-09-17T18:33:27.643Z [log] sistem yuklendi: tezgah
2026-09-17T18:33:27.645Z [log] sistem yuklendi: borsa
2026-09-17T18:33:27.650Z [log] sistem yuklendi: lonca
2026-09-17T18:33:27.652Z [log] sistem yuklendi: gelistirme
2026-09-17T18:33:27.654Z [log] sistem yuklendi: meslek
2026-09-17T18:33:27.655Z [log] sistem yuklendi: yerinde-dirilis
2026-09-17T18:33:27.658Z [log] sistem yuklendi: kucuk-sistemler
2026-09-17T18:33:27.660Z [log] sistem yuklendi: dirilis-unique
2026-09-17T18:33:27.709Z [log] [stat-ustalik] veri: 13 ustalik, 3256 beceri, 437 grup
2026-09-17T18:33:27.745Z [log] dukkan: 33 NPC (npcshops.json 33), 3005 esya (items.json 3005), 148 yerlesim
2026-09-17T18:33:27.784Z [log] beceri: 3256 beceri / 437 grup / 437 fx grubu yuklendi
2026-09-17T18:33:27.788Z [log] [gorev] 81 gorev tanimi yuklendi
2026-09-17T18:33:27.791Z [log] donus-isinlanma: 23 harita noktasi, 35 isinlayici yuklendi
2026-09-17T18:33:27.830Z [log] banka: 5 depo NPC'si, menzil NPC basina (15/22.75)
2026-09-17T18:33:27.835Z [log] binek-pet: 3 binek, 4 pet, 2 gelisim peti, 8 bolgede sehir kutusu
2026-09-17T18:33:27.838Z [log] borsa: 9 mesaj hazir (exch.open/close/place/cancel/withdrawGold/stake/claimStake/mock*)
2026-09-17T18:33:27.880Z [log] gelistirme: katalog 3005 esya (120 uretilmis tas), 416 mavi secenek satiri, 10 malzeme, 3256 beceri
2026-09-17T18:33:28.082Z [log] jangan_province: 14754 zemin ucgeni (nav.bin yuzeyleri)
2026-09-17T18:33:28.218Z [log] europe_province: 64299 zemin ucgeni (nav.bin yuzeyleri)
2026-09-17T18:33:28.490Z [log] donwhang_province: 6105 zemin ucgeni (nav.bin yuzeyleri)
2026-09-17T18:33:28.729Z [log] hotan_province: 11157 zemin ucgeni (nav.bin yuzeyleri)
2026-09-17T18:33:28.941Z [log] samarkand_province: 28520 zemin ucgeni (nav.bin yuzeyleri)
2026-09-17T18:33:28.942Z [log] sistem_meslek: 74 el yerlestirmesi + 813 harita agaci = 887 dugum, 4 meslek, 10 malzeme
2026-09-17T18:33:28.943Z [log] yerinde-dirilis: esik seviye 110
2026-09-17T18:33:29.009Z [log] kucuk-sistemler: 3005 esya, 39 mall kalemi, 3 premium kademesi, 6 unique, 5 tasiyici kuresi, 33 dukkan stogu
2026-09-17T18:33:29.045Z [log] dirilis-unique: 37 dirilis becerisi / 8 grup
2026-09-17T18:33:29.054Z [log] dirilis-unique: 6 unique, 64 unique yuvasi normal dogumdan ayrildi
2026-09-17T18:33:29.054Z [log] sistem modulu: 19/19
2026-09-17T18:33:29.055Z [log] GM komutlari: 30
2026-09-17T18:33:29.203Z [log] SQL bagli -> localhost / SRO_VT_SHARD
2026-09-17T18:33:29.265Z [log] unique dogdu: mob_tigerwoman @ jangan_province nest 5904 (entity 1000888)
2026-09-17T18:33:29.266Z [log] unique dogdu: mob_uruchi @ donwhang_province nest 5913 (entity 1000889)
2026-09-17T18:33:29.266Z [log] unique dogdu: mob_isyutaru @ hotan_province nest 5668 (entity 1000890)
2026-09-17T18:33:29.266Z [log] unique dogdu: mob_bonelord @ hotan_province nest 21609 (entity 1000891)
2026-09-17T18:33:29.266Z [log] unique dogdu: mob_kerberos @ europe_province nest 8557 (entity 1000892)
2026-09-17T18:33:29.267Z [log] unique dogdu: mob_ivy @ samarkand_province nest 20995 (entity 1000893)
2026-09-17T18:33:29.502Z [log] SRO_VT_SHARD referans verisi: 400 item, 400 mob
2026-09-17T18:33:29.629Z [log] SRO_WEB_GAME bagli - kimlik/karakter uclari aktif
2026-09-17T18:33:29.635Z [log] kalicilik: itemmap-tam.json 2860 esya / 4610 vSRO id
2026-09-17T18:33:29.763Z [log] kalicilik: WebCharInventory hazir
2026-09-17T18:33:29.765Z [log] kalicilik: WebCharInventoryEk hazir (maxDur/rolls)
2026-09-17T18:33:29.766Z [log] [stat-ustalik] SQL havuzu baglandi - kalicilik acik
2026-09-17T18:33:29.766Z [log] [gorev] SQL havuzu baglandi - _CharQuest kaliciligi acik
2026-09-17T18:33:29.766Z [log] arayuz durumu kaliciligi: ACIK (SRO_WEB_GAME.WebCharUi)
2026-09-17T18:33:29.766Z [log] sistem_meslek: ortak SRO_WEB_GAME havuzu baglandi - kalicilik acik
2026-09-17T18:33:29.806Z [log] [stat-ustalik] veri: 13 ustalik, 3256 beceri, 437 grup
2026-09-17T18:33:29.839Z [log] dukkan: 33 NPC (npcshops.json 33), 3005 esya (items.json 3005), 148 yerlesim
2026-09-17T18:33:29.890Z [log] beceri: 3256 beceri / 437 grup / 437 fx grubu yuklendi
2026-09-17T18:33:29.893Z [log] [gorev] 81 gorev tanimi yuklendi
2026-09-17T18:33:29.895Z [log] donus-isinlanma: 23 harita noktasi, 35 isinlayici yuklendi
2026-09-17T18:33:29.932Z [log] banka: 5 depo NPC'si, menzil NPC basina (15/22.75)
2026-09-17T18:33:29.937Z [log] binek-pet: 3 binek, 4 pet, 2 gelisim peti, 8 bolgede sehir kutusu
2026-09-17T18:33:29.938Z [log] borsa: 9 mesaj hazir (exch.open/close/place/cancel/withdrawGold/stake/claimStake/mock*)
2026-09-17T18:33:29.990Z [log] gelistirme: katalog 3005 esya (120 uretilmis tas), 416 mavi secenek satiri, 10 malzeme, 3256 beceri
2026-09-17T18:33:29.993Z [log] sistem_meslek: yeniden kurulum - 5 bolgedeki 887 dugum ONBELLEKTEN (entity id'ler korundu)
2026-09-17T18:33:29.994Z [log] yerinde-dirilis: esik seviye 110
2026-09-17T18:33:30.036Z [log] kucuk-sistemler: 3005 esya, 39 mall kalemi, 3 premium kademesi, 6 unique, 5 tasiyici kuresi, 33 dukkan stogu
2026-09-17T18:33:30.071Z [log] dirilis-unique: 37 dirilis becerisi / 8 grup
2026-09-17T18:33:30.076Z [log] dirilis-unique: 6 unique, 0 unique yuvasi normal dogumdan ayrildi, 6 kopya varlik silindi
2026-09-17T18:33:30.076Z [log] kalicilik: 4 modul webBagla ile, 15 modul yeniden kurularak baglandi
2026-09-17T18:33:30.077Z [log] Onceki ornek (PID 6244, 2026-09-17T18:32:13.085Z) temiz kapanmamis; kaydi bayat - uzerine yaziliyor.
2026-09-17T18:33:30.079Z [log] ==========================================================
2026-09-17T18:33:30.079Z [log]   Sunucu hazir  ->  http://127.0.0.1:3000
2026-09-17T18:33:30.079Z [log]   WebSocket     ->  ws://127.0.0.1:3000/ws   (proto 10)
2026-09-17T18:33:30.079Z [log]   Istemci       ->  YUKLU
2026-09-17T18:33:30.079Z [log]   SQL           ->  bagli
2026-09-17T18:33:30.080Z [log]   Protokol      ->  100 giden + 89 gelen mesaj
2026-09-17T18:33:30.080Z [log]   Statik onbellek -> 96 MB tavan, tek dosya <= 2 MB
2026-09-17T18:33:30.080Z [log]   Surec         ->  PID 21996  (node v24.21.0)
2026-09-17T18:33:30.080Z [log]   Kod surumu    ->  server.js sha256:120ff54b6965
2026-09-17T18:33:30.080Z [log]   Calisma logu  ->  D:\FORUM-SHARE\loglar\sunucu-2026-09-17T18-33-27-pid21996.log
2026-09-17T18:33:30.080Z [log] ==========================================================
2026-09-17T18:33:30.105Z [log] parti: onceki oturumdan 0 ilan kapatildi
2026-09-17T18:33:30.114Z [log] mezat: 0 acik kayit yuklendi
2026-09-17T18:33:30.178Z [log] lonca semasi hazir (19 toplu is; DROP calistirilmadi)
2026-09-17T18:33:30.187Z [log] lonca verisi yuklendi: 0 lonca, 0 uye
2026-09-17T18:33:30.279Z [log] unique dogdu: mob_tigerwoman @ jangan_province nest 5906 (entity 1000894) [devir - duyurusuz]
2026-09-17T18:33:30.280Z [log] unique dogdu: mob_uruchi @ donwhang_province nest 5912 (entity 1000895) [devir - duyurusuz]
2026-09-17T18:33:30.280Z [log] unique dogdu: mob_isyutaru @ hotan_province nest 5917 (entity 1000896) [devir - duyurusuz]
2026-09-17T18:33:30.280Z [log] unique dogdu: mob_bonelord @ hotan_province nest 21609 (entity 1000897) [devir - duyurusuz]
2026-09-17T18:33:30.280Z [log] unique dogdu: mob_kerberos @ europe_province nest 8567 (entity 1000898) [devir - duyurusuz]
2026-09-17T18:33:30.280Z [log] unique dogdu: mob_ivy @ samarkand_province nest 20998 (entity 1000899) [devir - duyurusuz]
