2026-09-15T21:09:34.025Z [log] bolge jangan_province: egim up=1000 down=1000 override=0 su=141 sinir=var dogusY=YOK yaricap=0.5
2026-09-15T21:09:34.025Z [log] bolge donwhang_province: egim up=1000 down=1000 override=0 su=70 sinir=var dogusY=-12 yaricap=0.5
2026-09-15T21:09:34.025Z [log] bolge europe_province: egim up=1000 down=1000 override=2 su=124 sinir=var dogusY=12.6 yaricap=0.5
2026-09-15T21:09:34.025Z [log] bolge hotan_province: egim up=1000 down=1000 override=1 su=139 sinir=var dogusY=37.5 yaricap=0.5
2026-09-15T21:09:34.025Z [log] bolge samarkand_province: egim up=1000 down=1000 override=0 su=68 sinir=var dogusY=27 yaricap=0.5
2026-09-15T21:09:34.028Z [log] mob katalogu: 158 tur
2026-09-15T21:09:34.057Z [log] drop tablosu: 158
2026-09-15T21:09:34.075Z [log] spawn noktasi: 7350 (5 bolge)
2026-09-15T21:09:34.077Z [log] savas sabitleri: combat.json
2026-09-15T21:09:34.116Z [log] esya stat katalogu: 2860 esya
2026-09-15T21:09:34.119Z [log] mavi secenek katalogu: 416 satir
2026-09-15T21:09:34.178Z [log] silah->ustalik: 14 silah turu
2026-09-15T21:09:34.212Z [log] meslek aleti: 2 esya
2026-09-15T21:09:34.243Z [log] dusus +N merdiveni: 13 satir ($optLevelSel)
2026-09-15T21:09:34.244Z [log] taban saldiri: 15 silah turu
2026-09-15T21:09:34.244Z [log] ilerleme: 79 seviye, maxLevel=80, 400 spExp/SP
2026-09-15T21:09:34.246Z [log] oranlar: xp x25, sp x40, altin x30 (tabloya pismis), esya x1, muhur bronz x1 / gumus x6 / altin-muhur x6
2026-09-15T21:09:34.280Z [log] [admin] esya eslemesi: 4610 vSRO kodu -> 2860 referans oyun esyasi
2026-09-15T21:09:34.286Z [log] canavar beceri fx: 294 kayit
2026-09-15T21:09:34.289Z [log] canavar beceri katalogu: 330 kayit
2026-09-15T21:09:34.289Z [log] oyun dongusu basladi (100ms)
2026-09-15T21:09:34.291Z [log] sistem yuklendi: envanter
2026-09-15T21:09:34.292Z [log] sistem yuklendi: stat-ustalik
2026-09-15T21:09:34.294Z [log] sistem yuklendi: dukkan
2026-09-15T21:09:34.297Z [log] sistem yuklendi: beceri
2026-09-15T21:09:34.299Z [log] sistem yuklendi: gorev
2026-09-15T21:09:34.301Z [log] sistem yuklendi: donus-isinlanma
2026-09-15T21:09:34.303Z [log] sistem yuklendi: banka-depo
2026-09-15T21:09:34.304Z [log] sistem yuklendi: arayuz-durumu
2026-09-15T21:09:34.307Z [log] sistem yuklendi: binek-pet
2026-09-15T21:09:34.308Z [log] sistem yuklendi: parti
2026-09-15T21:09:34.310Z [log] sistem yuklendi: ticaret
2026-09-15T21:09:34.312Z [log] sistem yuklendi: tezgah
2026-09-15T21:09:34.314Z [log] sistem yuklendi: borsa
2026-09-15T21:09:34.319Z [log] sistem yuklendi: lonca
2026-09-15T21:09:34.321Z [log] sistem yuklendi: gelistirme
2026-09-15T21:09:34.322Z [log] sistem yuklendi: meslek
2026-09-15T21:09:34.324Z [log] sistem yuklendi: yerinde-dirilis
2026-09-15T21:09:34.326Z [log] sistem yuklendi: kucuk-sistemler
2026-09-15T21:09:34.330Z [log] sistem yuklendi: dirilis-unique
2026-09-15T21:09:34.379Z [log] [stat-ustalik] veri: 13 ustalik, 3256 beceri, 437 grup
2026-09-15T21:09:34.417Z [log] dukkan: 33 NPC (npcshops.json 33), 3005 esya (items.json 3005), 148 yerlesim
2026-09-15T21:09:34.455Z [log] beceri: 3256 beceri / 437 grup / 437 fx grubu yuklendi
2026-09-15T21:09:34.460Z [log] [gorev] 81 gorev tanimi yuklendi
2026-09-15T21:09:34.462Z [log] donus-isinlanma: 23 harita noktasi, 35 isinlayici yuklendi
2026-09-15T21:09:34.505Z [log] banka: 5 depo NPC'si, menzil NPC basina (15/22.75)
2026-09-15T21:09:34.509Z [log] binek-pet: 3 binek, 4 pet, 2 gelisim peti, 8 bolgede sehir kutusu
2026-09-15T21:09:34.512Z [log] borsa: 9 mesaj hazir (exch.open/close/place/cancel/withdrawGold/stake/claimStake/mock*)
2026-09-15T21:09:34.555Z [log] gelistirme: katalog 3005 esya (120 uretilmis tas), 416 mavi secenek satiri, 10 malzeme, 3256 beceri
2026-09-15T21:09:34.742Z [log] jangan_province: 14754 zemin ucgeni (nav.bin yuzeyleri)
2026-09-15T21:09:34.878Z [log] europe_province: 64299 zemin ucgeni (nav.bin yuzeyleri)
2026-09-15T21:09:35.145Z [log] donwhang_province: 6105 zemin ucgeni (nav.bin yuzeyleri)
2026-09-15T21:09:35.369Z [log] hotan_province: 11157 zemin ucgeni (nav.bin yuzeyleri)
2026-09-15T21:09:35.567Z [log] samarkand_province: 28520 zemin ucgeni (nav.bin yuzeyleri)
2026-09-15T21:09:35.567Z [log] sistem_meslek: 74 el yerlestirmesi + 813 harita agaci = 887 dugum, 4 meslek, 10 malzeme
2026-09-15T21:09:35.568Z [log] yerinde-dirilis: esik seviye 110
2026-09-15T21:09:35.631Z [log] kucuk-sistemler: 3005 esya, 39 mall kalemi, 3 premium kademesi, 6 unique, 5 tasiyici kuresi, 33 dukkan stogu
2026-09-15T21:09:35.667Z [log] dirilis-unique: 37 dirilis becerisi / 8 grup
2026-09-15T21:09:35.675Z [log] dirilis-unique: 6 unique, 64 unique yuvasi normal dogumdan ayrildi
2026-09-15T21:09:35.675Z [log] sistem modulu: 19/19
2026-09-15T21:09:35.676Z [log] GM komutlari: 30
2026-09-15T21:09:35.691Z [log] SQL baglanamadi (sunucu yine de calisir): Failed to connect to localhost:1433 - Could not connect (sequence)
2026-09-15T21:09:35.691Z [log] Onceki ornek (PID 14116, 2026-09-15T21:07:25.949Z) temiz kapanmamis; kaydi bayat - uzerine yaziliyor.
2026-09-15T21:09:35.693Z [log] ==========================================================
2026-09-15T21:09:35.694Z [log]   Sunucu hazir  ->  http://127.0.0.1:3000
2026-09-15T21:09:35.694Z [log]   WebSocket     ->  ws://127.0.0.1:3000/ws   (proto 10)
2026-09-15T21:09:35.694Z [log]   Istemci       ->  YUKLU
2026-09-15T21:09:35.694Z [log]   SQL           ->  kapali/bagli degil
2026-09-15T21:09:35.694Z [log]   Protokol      ->  100 giden + 89 gelen mesaj
2026-09-15T21:09:35.694Z [log]   Statik onbellek -> 96 MB tavan, tek dosya <= 2 MB
2026-09-15T21:09:35.694Z [log]   Surec         ->  PID 3780  (node v24.21.0)
2026-09-15T21:09:35.694Z [log]   Kod surumu    ->  server.js sha256:120ff54b6965
2026-09-15T21:09:35.695Z [log]   Calisma logu  ->  D:\FORUM-SHARE\loglar\sunucu-2026-09-15T21-09-33-pid3780.log
2026-09-15T21:09:35.695Z [log] ==========================================================
2026-09-15T21:09:35.889Z [log] unique dogdu: mob_tigerwoman @ jangan_province nest 5905 (entity 1000888)
2026-09-15T21:09:35.890Z [log] unique dogdu: mob_uruchi @ donwhang_province nest 5916 (entity 1000889)
2026-09-15T21:09:35.890Z [log] unique dogdu: mob_isyutaru @ hotan_province nest 5919 (entity 1000890)
2026-09-15T21:09:35.890Z [log] unique dogdu: mob_bonelord @ hotan_province nest 21060 (entity 1000891)
2026-09-15T21:09:35.890Z [log] unique dogdu: mob_kerberos @ europe_province nest 8567 (entity 1000892)
2026-09-15T21:09:35.890Z [log] unique dogdu: mob_ivy @ samarkand_province nest 20997 (entity 1000893)
