2026-09-15T21:40:46.270Z [log] bolge jangan_province: egim up=1000 down=1000 override=0 su=141 sinir=var dogusY=YOK yaricap=0.5
2026-09-15T21:40:46.271Z [log] bolge donwhang_province: egim up=1000 down=1000 override=0 su=70 sinir=var dogusY=-12 yaricap=0.5
2026-09-15T21:40:46.271Z [log] bolge europe_province: egim up=1000 down=1000 override=2 su=124 sinir=var dogusY=12.6 yaricap=0.5
2026-09-15T21:40:46.271Z [log] bolge hotan_province: egim up=1000 down=1000 override=1 su=139 sinir=var dogusY=37.5 yaricap=0.5
2026-09-15T21:40:46.272Z [log] bolge samarkand_province: egim up=1000 down=1000 override=0 su=68 sinir=var dogusY=27 yaricap=0.5
2026-09-15T21:40:46.274Z [log] mob katalogu: 158 tur
2026-09-15T21:40:46.305Z [log] drop tablosu: 158
2026-09-15T21:40:46.326Z [log] spawn noktasi: 7350 (5 bolge)
2026-09-15T21:40:46.330Z [log] savas sabitleri: combat.json
2026-09-15T21:40:46.372Z [log] esya stat katalogu: 2860 esya
2026-09-15T21:40:46.376Z [log] mavi secenek katalogu: 416 satir
2026-09-15T21:40:46.433Z [log] silah->ustalik: 14 silah turu
2026-09-15T21:40:46.467Z [log] meslek aleti: 2 esya
2026-09-15T21:40:46.496Z [log] dusus +N merdiveni: 13 satir ($optLevelSel)
2026-09-15T21:40:46.498Z [log] taban saldiri: 15 silah turu
2026-09-15T21:40:46.498Z [log] ilerleme: 79 seviye, maxLevel=80, 400 spExp/SP
2026-09-15T21:40:46.500Z [log] oranlar: xp x25, sp x40, altin x30 (tabloya pismis), esya x1, muhur bronz x1 / gumus x6 / altin-muhur x6
2026-09-15T21:40:46.535Z [log] [admin] esya eslemesi: 4610 vSRO kodu -> 2860 referans oyun esyasi
2026-09-15T21:40:46.542Z [log] canavar beceri fx: 294 kayit
2026-09-15T21:40:46.545Z [log] canavar beceri katalogu: 330 kayit
2026-09-15T21:40:46.545Z [log] oyun dongusu basladi (100ms)
2026-09-15T21:40:46.550Z [log] sistem yuklendi: envanter
2026-09-15T21:40:46.552Z [log] sistem yuklendi: stat-ustalik
2026-09-15T21:40:46.554Z [log] sistem yuklendi: dukkan
2026-09-15T21:40:46.557Z [log] sistem yuklendi: beceri
2026-09-15T21:40:46.559Z [log] sistem yuklendi: gorev
2026-09-15T21:40:46.563Z [log] sistem yuklendi: donus-isinlanma
2026-09-15T21:40:46.565Z [log] sistem yuklendi: banka-depo
2026-09-15T21:40:46.566Z [log] sistem yuklendi: arayuz-durumu
2026-09-15T21:40:46.569Z [log] sistem yuklendi: binek-pet
2026-09-15T21:40:46.571Z [log] sistem yuklendi: parti
2026-09-15T21:40:46.572Z [log] sistem yuklendi: ticaret
2026-09-15T21:40:46.574Z [log] sistem yuklendi: tezgah
2026-09-15T21:40:46.575Z [log] sistem yuklendi: borsa
2026-09-15T21:40:46.580Z [log] sistem yuklendi: lonca
2026-09-15T21:40:46.582Z [log] sistem yuklendi: gelistirme
2026-09-15T21:40:46.584Z [log] sistem yuklendi: meslek
2026-09-15T21:40:46.585Z [log] sistem yuklendi: yerinde-dirilis
2026-09-15T21:40:46.587Z [log] sistem yuklendi: kucuk-sistemler
2026-09-15T21:40:46.589Z [log] sistem yuklendi: dirilis-unique
2026-09-15T21:40:46.640Z [log] [stat-ustalik] veri: 13 ustalik, 3256 beceri, 437 grup
2026-09-15T21:40:46.678Z [log] dukkan: 33 NPC (npcshops.json 33), 3005 esya (items.json 3005), 148 yerlesim
2026-09-15T21:40:46.717Z [log] beceri: 3256 beceri / 437 grup / 437 fx grubu yuklendi
2026-09-15T21:40:46.721Z [log] [gorev] 81 gorev tanimi yuklendi
2026-09-15T21:40:46.724Z [log] donus-isinlanma: 23 harita noktasi, 35 isinlayici yuklendi
2026-09-15T21:40:46.765Z [log] banka: 5 depo NPC'si, menzil NPC basina (15/22.75)
2026-09-15T21:40:46.770Z [log] binek-pet: 3 binek, 4 pet, 2 gelisim peti, 8 bolgede sehir kutusu
2026-09-15T21:40:46.773Z [log] borsa: 9 mesaj hazir (exch.open/close/place/cancel/withdrawGold/stake/claimStake/mock*)
2026-09-15T21:40:46.816Z [log] gelistirme: katalog 3005 esya (120 uretilmis tas), 416 mavi secenek satiri, 10 malzeme, 3256 beceri
2026-09-15T21:40:47.033Z [log] jangan_province: 14754 zemin ucgeni (nav.bin yuzeyleri)
2026-09-15T21:40:47.171Z [log] europe_province: 64299 zemin ucgeni (nav.bin yuzeyleri)
2026-09-15T21:40:47.426Z [log] donwhang_province: 6105 zemin ucgeni (nav.bin yuzeyleri)
2026-09-15T21:40:47.666Z [log] hotan_province: 11157 zemin ucgeni (nav.bin yuzeyleri)
2026-09-15T21:40:47.874Z [log] samarkand_province: 28520 zemin ucgeni (nav.bin yuzeyleri)
2026-09-15T21:40:47.875Z [log] sistem_meslek: 74 el yerlestirmesi + 813 harita agaci = 887 dugum, 4 meslek, 10 malzeme
2026-09-15T21:40:47.875Z [log] yerinde-dirilis: esik seviye 110
2026-09-15T21:40:47.939Z [log] kucuk-sistemler: 3005 esya, 39 mall kalemi, 3 premium kademesi, 6 unique, 5 tasiyici kuresi, 33 dukkan stogu
2026-09-15T21:40:47.974Z [log] dirilis-unique: 37 dirilis becerisi / 8 grup
2026-09-15T21:40:47.981Z [log] dirilis-unique: 6 unique, 64 unique yuvasi normal dogumdan ayrildi
2026-09-15T21:40:47.982Z [log] sistem modulu: 19/19
2026-09-15T21:40:47.982Z [log] GM komutlari: 30
2026-09-15T21:40:48.133Z [log] SQL bagli -> localhost / SRO_VT_SHARD
2026-09-15T21:40:48.197Z [log] unique dogdu: mob_tigerwoman @ jangan_province nest 5907 (entity 1000888)
2026-09-15T21:40:48.198Z [log] unique dogdu: mob_uruchi @ donwhang_province nest 5660 (entity 1000889)
2026-09-15T21:40:48.198Z [log] unique dogdu: mob_isyutaru @ hotan_province nest 5667 (entity 1000890)
2026-09-15T21:40:48.198Z [log] unique dogdu: mob_bonelord @ hotan_province nest 21062 (entity 1000891)
2026-09-15T21:40:48.199Z [log] unique dogdu: mob_kerberos @ europe_province nest 8563 (entity 1000892)
2026-09-15T21:40:48.199Z [log] unique dogdu: mob_ivy @ samarkand_province nest 20995 (entity 1000893)
2026-09-15T21:40:49.059Z [log] SRO_VT_SHARD referans verisi: 400 item, 400 mob
2026-09-15T21:40:49.183Z [log] SRO_WEB_GAME bagli - kimlik/karakter uclari aktif
2026-09-15T21:40:49.189Z [log] kalicilik: itemmap-tam.json 2860 esya / 4610 vSRO id
2026-09-15T21:40:49.333Z [log] kalicilik: WebCharInventory hazir
2026-09-15T21:40:49.336Z [log] kalicilik: WebCharInventoryEk hazir (maxDur/rolls)
2026-09-15T21:40:49.336Z [log] [stat-ustalik] SQL havuzu baglandi - kalicilik acik
2026-09-15T21:40:49.336Z [log] [gorev] SQL havuzu baglandi - _CharQuest kaliciligi acik
2026-09-15T21:40:49.337Z [log] arayuz durumu kaliciligi: ACIK (SRO_WEB_GAME.WebCharUi)
2026-09-15T21:40:49.337Z [log] sistem_meslek: ortak SRO_WEB_GAME havuzu baglandi - kalicilik acik
2026-09-15T21:40:49.375Z [log] [stat-ustalik] veri: 13 ustalik, 3256 beceri, 437 grup
2026-09-15T21:40:49.408Z [log] dukkan: 33 NPC (npcshops.json 33), 3005 esya (items.json 3005), 148 yerlesim
2026-09-15T21:40:49.459Z [log] beceri: 3256 beceri / 437 grup / 437 fx grubu yuklendi
2026-09-15T21:40:49.462Z [log] [gorev] 81 gorev tanimi yuklendi
2026-09-15T21:40:49.464Z [log] donus-isinlanma: 23 harita noktasi, 35 isinlayici yuklendi
2026-09-15T21:40:49.502Z [log] banka: 5 depo NPC'si, menzil NPC basina (15/22.75)
2026-09-15T21:40:49.506Z [log] binek-pet: 3 binek, 4 pet, 2 gelisim peti, 8 bolgede sehir kutusu
2026-09-15T21:40:49.508Z [log] borsa: 9 mesaj hazir (exch.open/close/place/cancel/withdrawGold/stake/claimStake/mock*)
2026-09-15T21:40:49.563Z [log] gelistirme: katalog 3005 esya (120 uretilmis tas), 416 mavi secenek satiri, 10 malzeme, 3256 beceri
2026-09-15T21:40:49.566Z [log] sistem_meslek: yeniden kurulum - 5 bolgedeki 887 dugum ONBELLEKTEN (entity id'ler korundu)
2026-09-15T21:40:49.566Z [log] yerinde-dirilis: esik seviye 110
2026-09-15T21:40:49.605Z [log] kucuk-sistemler: 3005 esya, 39 mall kalemi, 3 premium kademesi, 6 unique, 5 tasiyici kuresi, 33 dukkan stogu
2026-09-15T21:40:49.641Z [log] dirilis-unique: 37 dirilis becerisi / 8 grup
2026-09-15T21:40:49.645Z [log] dirilis-unique: 6 unique, 0 unique yuvasi normal dogumdan ayrildi, 6 kopya varlik silindi
2026-09-15T21:40:49.646Z [log] kalicilik: 4 modul webBagla ile, 15 modul yeniden kurularak baglandi
2026-09-15T21:40:49.646Z [log] Onceki ornek (PID 25244, 2026-09-15T21:39:53.862Z) temiz kapanmamis; kaydi bayat - uzerine yaziliyor.
2026-09-15T21:40:49.648Z [log] ==========================================================
2026-09-15T21:40:49.648Z [log]   Sunucu hazir  ->  http://127.0.0.1:3000
2026-09-15T21:40:49.648Z [log]   WebSocket     ->  ws://127.0.0.1:3000/ws   (proto 10)
2026-09-15T21:40:49.649Z [log]   Istemci       ->  YUKLU
2026-09-15T21:40:49.649Z [log]   SQL           ->  bagli
2026-09-15T21:40:49.649Z [log]   Protokol      ->  100 giden + 89 gelen mesaj
2026-09-15T21:40:49.649Z [log]   Statik onbellek -> 96 MB tavan, tek dosya <= 2 MB
2026-09-15T21:40:49.649Z [log]   Surec         ->  PID 18900  (node v24.21.0)
2026-09-15T21:40:49.649Z [log]   Kod surumu    ->  server.js sha256:120ff54b6965
2026-09-15T21:40:49.649Z [log]   Calisma logu  ->  D:\FORUM-SHARE\loglar\sunucu-2026-09-15T21-40-46-pid18900.log
2026-09-15T21:40:49.649Z [log] ==========================================================
2026-09-15T21:40:49.670Z [log] parti: onceki oturumdan 0 ilan kapatildi
2026-09-15T21:40:49.680Z [log] mezat: 0 acik kayit yuklendi
2026-09-15T21:40:49.848Z [log] unique dogdu: mob_tigerwoman @ jangan_province nest 5906 (entity 1000894) [devir - duyurusuz]
2026-09-15T21:40:49.848Z [log] unique dogdu: mob_uruchi @ donwhang_province nest 5663 (entity 1000895) [devir - duyurusuz]
2026-09-15T21:40:49.848Z [log] unique dogdu: mob_isyutaru @ hotan_province nest 5919 (entity 1000896) [devir - duyurusuz]
2026-09-15T21:40:49.848Z [log] unique dogdu: mob_bonelord @ hotan_province nest 21062 (entity 1000897) [devir - duyurusuz]
2026-09-15T21:40:49.849Z [log] unique dogdu: mob_kerberos @ europe_province nest 8755 (entity 1000898) [devir - duyurusuz]
2026-09-15T21:40:49.849Z [log] unique dogdu: mob_ivy @ samarkand_province nest 20995 (entity 1000899) [devir - duyurusuz]
2026-09-15T21:40:49.895Z [log] lonca semasi hazir (19 toplu is; DROP calistirilmadi)
2026-09-15T21:40:49.904Z [log] lonca verisi yuklendi: 0 lonca, 0 uye
2026-09-15T21:41:18.520Z [log] kayit hatasi: Invalid column name 'Play123Time'.
2026-09-15T21:41:31.991Z [log] kayit hatasi: Invalid column name 'Play123Time'.
2026-09-15T21:41:46.541Z [log] statik onbellek: 2 dosya / 0.0 MB (tavan 96 MB) - isabet 6 (%67), iska 3, atim 0, bayat 0; rss 658 MB
2026-09-15T21:41:46.541Z [log] kardes varyant kapisi: 7 imzali, 0 mirasli (.meta yok), 0 bayat -> anlik sikistirma
2026-09-15T21:41:59.103Z [log] kayit hatasi: Invalid column name 'Play123Time'.
2026-09-15T21:43:35.050Z [log] kayit hatasi: Invalid column name 'Play123Time'.
2026-09-15T21:43:36.768Z [log] kayit hatasi: Invalid column name 'Play123Time'.
2026-09-15T21:43:37.004Z [log] kayit hatasi: Invalid column name 'Play123Time'.
2026-09-15T21:43:37.202Z [log] kayit hatasi: Invalid column name 'Play123Time'.
2026-09-15T21:43:43.120Z [log] kayit hatasi: Invalid column name 'Play123Time'.
2026-09-15T21:43:46.549Z [log] statik onbellek: 342 dosya / 0.8 MB (tavan 96 MB) - isabet 6 (%2), iska 343, atim 0, bayat 0; rss 660 MB
2026-09-15T21:43:46.549Z [log] kardes varyant kapisi: 46 imzali, 0 mirasli (.meta yok), 0 bayat -> anlik sikistirma
